// Jest Snapshot v1, https://goo.gl/fbAQLP

exports[`should render Header correctly 1`] = `
<header>
  <h1>
    Expensify
  </h1>
  <Styled(NavLink)
    activeClassName="is-active"
    to="/dashboard"
  >
    Dashboard
  </Styled(NavLink)>
  <Styled(NavLink)
    activeClassName="is-active"
    to="/create"
  >
    Add Expense
  </Styled(NavLink)>
  <Styled(NavLink)
    activeClassName="is-active"
    to="/help"
  >
    Help
  </Styled(NavLink)>
  <button
    onClick={[Function]}
  >
    Logout
  </button>
</header>
`;
